../Core/Src/main.c:86:6:Leer_Encoders	4	static
../Core/Src/main.c:94:6:MPU6050_Init	32	static
../Core/Src/main.c:99:6:MPU6050_Read	40	static
../Core/Src/main.c:116:5:main	8	static
../Core/Src/main.c:206:6:SystemClock_Config	72	static
../Core/Src/main.c:243:13:MX_I2C1_Init	8	static
../Core/Src/main.c:277:13:MX_TIM1_Init	56	static
../Core/Src/main.c:327:13:MX_TIM2_Init	56	static
../Core/Src/main.c:376:13:MX_TIM4_Init	48	static
../Core/Src/main.c:429:13:MX_TIM6_Init	16	static
../Core/Src/main.c:467:13:MX_USART3_UART_Init	8	static
../Core/Src/main.c:500:13:MX_GPIO_Init	48	static
../Core/Src/main.c:547:6:Error_Handler	4	static,ignoring_inline_asm
