12:49:44 **** Incremental Build of configuration Debug for project pruebaMPU ****
make -j8 all 
arm-none-eabi-gcc "../Core/Src/main.c" -mcpu=cortex-m3 -std=gnu11 -g3 -DDEBUG -DUSE_HAL_DRIVER -DSTM32F103xB -c -I../Core/Inc -I../Drivers/STM32F1xx_HAL_Driver/Inc/Legacy -I../Drivers/STM32F1xx_HAL_Driver/Inc -I../Drivers/CMSIS/Device/ST/STM32F1xx/Include -I../Drivers/CMSIS/Include -O0 -ffunction-sections -fdata-sections -Wall -fstack-usage -fcyclomatic-complexity -MMD -MP -MF"Core/Src/main.d" -MT"Core/Src/main.o" --specs=nano.specs -mfloat-abi=soft -mthumb -o "Core/Src/main.o"
arm-none-eabi-gcc -o "pruebaMPU.elf" @"objects.list"   -mcpu=cortex-m3 -T"C:\Users\Usuario\Desktop\UNAL\2026-1\Control\proyectoControl\pruebaMPU\STM32F103C8TX_FLASH.ld" --specs=nosys.specs -Wl,-Map="pruebaMPU.map" -Wl,--gc-sections -static -u _printf_float --specs=nano.specs -mfloat-abi=soft -mthumb -Wl,--start-group -lc -lm -Wl,--end-group
Finished building target: pruebaMPU.elf
 
arm-none-eabi-size  pruebaMPU.elf 
arm-none-eabi-objdump -h -S pruebaMPU.elf  > "pruebaMPU.list"
   text	   data	    bss	    dec	    hex	filename
  28724	    468	   2084	  31276	   7a2c	pruebaMPU.elf
arm-none-eabi-objcopy  -O ihex pruebaMPU.elf  "pruebaMPU.hex"
arm-none-eabi-objcopy  -O binary pruebaMPU.elf  "pruebaMPU.bin"
Finished building: default.size.stdout
 
Finished building: pruebaMPU.hex
Finished building: pruebaMPU.bin
 
 
Finished building: pruebaMPU.list
 

12:49:48 Build Finished. 0 errors, 0 warnings. (took 4s.158ms)

